{
    "page": 0,
    "size": 2,
    "total": 2,
    "filter": {
        "region5": "Leste"
    },
    "data": [
        {
            "register": "4041-2",
            "name": "VILA FORMOSA",
            "census": {
                "sector": 355030885000091,
                "weighting_area": 3550308005040,
                "district_code": 87,
                "district": "VILA FORMOSA",
                "borough_code": 26,
                "borough": "ARICANDUVA-FORMOSA-CARRAO",
                "region5": "Leste",
                "region8": "Leste 1"
            },
            "address": {
                "street": "RUA MARAGOJIPE",
                "number": "S/N",
                "neighborhood": "VL FORMOSA",
                "landmark": "TV RUA PRETORIA"
            },
            "geolocation": {
                "lat": -23558733,
                "long": -46550164
            }
        },
        {
            "register": "4045-2",
            "name": "PRACA SANTA HELENA",
            "census": {
                "sector": 355030893000035,
                "weighting_area": 3550308005042,
                "district_code": 95,
                "district": "VILA PRUDENTE",
                "borough_code": 29,
                "borough": "VILA PRUDENTE",
                "region5": "Leste",
                "region8": "Leste 1"
            },
            "address": {
                "street": "RUA JOSE DOS REIS",
                "number": "909",
                "neighborhood": "VL ZELINA",
                "landmark": "RUA OLIVEIRA GOUVEIA"
            },
            "geolocation": {
                "lat": -23558733,
                "long": -46550164
            }
        }
    ]
}