<?xml version='1.0' encoding='UTF-8'?>
<dataset>
  <MARKET.STREET_MARKET UUID="edc26c1f-8981-3403-a1f5-b2608695299a" REGISTER="4041-2" NAME="PRACA SANTA HELENA" STREET="RUA JOSE DOS REIS" NUMBER="909" NEIGHBORHOOD="VL ZELINA" LANDMARK="[NULL]" LAT="-23584852.00" LONG="-46574716.00" SECTOR_ID="355030893000035"/>
</dataset>
