<?xml version='1.0' encoding='UTF-8'?>
<dataset>
  <MARKET.STREET_MARKET ID="1" REGISTER="4041-2" NAME="VILA FORMOSA" STREET="RUA MARAGOJIPE" NUMBER="S/N" NEIGHBORHOOD="VL FORMOSA" LANDMARK="TV RUA PRETORIA" LAT="-23558733.00" LONG="-46550164.00" SECTOR="355030885000091" WEIGHTING_AREA="3550308005040" DISTRICT_CODE="87" DISTRICT="VILA FORMOSA" BOROUGH_CODE="26" BOROUGH="ARICANDUVA-FORMOSA-CARRAO" REGION5="Leste" REGION8="Leste 1"/>
</dataset>
