<?xml version='1.0' encoding='UTF-8'?>
<dataset>
    <MARKET.CENSUS SECTOR="355030885000091" WEIGHTING_AREA="3550308005040" DISTRICT_CODE="87" DISTRICT="VILA FORMOSA"
                   BOROUGH_CODE="26" BOROUGH="ARICANDUVA-FORMOSA-CARRAO" REGION5="Leste" REGION8="Leste 1"/>
</dataset>
