<?xml version='1.0' encoding='UTF-8'?>
<dataset>
    <MARKET.STREET_MARKET/>
</dataset>
